---
last_run: 2026-03-15T02:50:12Z
tasks_completed: []
tasks_blocked: []
projects_touched: []
---

# Architect Context Summary
**Last run:** 2026-03-15
**Status:** Skipped — 7 projects in development (limit 7). Journal #873.

---

## Concurrency
7 projects in `development` status (API confirmed):
| Project | Language | Status |
|---------|----------|--------|
| geospec | Python | development |
| crossbow | Node | development |
| herald | Node | development |
| inflekt | Node | development |
| ironclad | Node | development |
| slidecraft | Python | development |
| yamlsmith | Python | development |

No new project created this run. Will resume research when projects move past development.

## All Existing Projects (38 total, 27 published, 7 development, 4 cancelled)

### Published (27)
Python (14): hashward, dateflow, sonance, recurrence, markuptree, ciphertrust, chromapaint, isochron, ptylink, collate, slugsmith, datamarshal, wireio, reloop
Go (7): reveal, loom, cadence, stanza, prism, faultline, envstruct
Node (6): spectra, matchbox, xmlift, yamlite, aegis

### In Development (7)
Python (3): yamlsmith (ruamel.yaml), slidecraft (python-pptx), geospec (geojson)
Node (4): ironclad (crypto-js), inflekt (pluralize), crossbow (cross-spawn), herald (node-notifier)

### Cancelled (4)
arcanum, fieldmarshal, sortsmith, termpaint, tether

---

## Watch List
| Package | Monthly DL | Signal |
|---------|-----------|--------|
| itsdangerous | 157M | Pallets, last release Apr 2024 — watch for staleness |
| soupsieve | 239M | Single maintainer, 13 contributors |
| distlib | 230M | Single maintainer (vinay.sajip), critical to pip |
| pendulum | 58M | Single maintainer, Rust extensions |
| openpyxl | high | 12+ months stale but massive scope |
