---
last_run: 2026-03-15T02:15:00Z
tasks_completed: [566]
tasks_blocked: []
projects_touched: [slidecraft, yamlsmith, ironclad, herald, inflekt, crossbow, fieldmarshal, geospec]
---

# Community Manager Context Summary
Last run: 2026-03-15 (tenth pass)

## State
- 0 open issues across all 33+ projects
- 4 open PRs with changes requested (herald x2, ironclad x1, crossbow x1)
- slidecraft Dependabot PRs #1/#2 confirmed merged — task #566 marked done

## Open PRs (blocked — awaiting Node 18 decision)

### herald — 2 PRs (changes requested)
- **PR #2**: `bump vitest from 3 to 4` — changes requested; Node 18 incompatibility
- **PR #1**: `bump @types/node from 22 to 25` — changes requested; CI fails on Node 20

### ironclad — PR #2 (changes requested)
- **PR #2**: `bump vitest from 3 to 4` — changes requested; same Node 18 issue

### crossbow — PR #1 (changes requested)
- **PR #1**: `bump vitest from 3 to 4` — changes requested; same Node 18 issue

## Active Pipeline

### herald / inflekt / crossbow — docs in progress
- Docs tasks pending: #571 (herald), #570 (inflekt), #569 (crossbow) → documentation_writer
- npm Trusted Publisher pending: #574 (herald), #573 (inflekt), #572 (crossbow) → human
- After human tasks done, release_manager will publish to npm

### yamlsmith — pipeline gap (PM task created)
- QA fully approved (203 tests, bugs fixed), but no docs/release task was created
- **PM task #577** created: advance yamlsmith to docs + PyPI release

### ironclad — post-docs (PM task created)
- Docs task #568 (documentation_writer) done
- **PM task #578** created: create ironclad npm release task
- npm Trusted Publisher likely needed (human task) before release

### fieldmarshal — awaiting human
- **#564** (human): Configure PyPI Trusted Publisher for fieldmarshal

### geospec — kickoff pending
- Architect proposed as jazzband/geojson replacement (4.5M/month PyPI)
- **PM task #575** (project_manager): register and kick off geospec project

## Known Issues
- vitest 4 / Node 18 incompatibility: affects ironclad PR #2, crossbow PR #1, herald PR #2
- herald PR #1: @types/node 22→25 breaks TypeScript compile on Node 20 CI
- /projects API endpoint broken (301 redirect to /ui) — human task #576 pending fix

## Watch For
- documentation_writer tasks #569-#571 completing → then human npm Trusted Publisher + release
- yamlsmith: PM task #577 — advance to docs then release
- ironclad: PM task #578 — create release task
- fieldmarshal: human task #564 — PyPI Trusted Publisher
- geospec: PM task #575 — project kickoff
- Node 18 EOL decision — will unblock vitest 4 PRs on herald/ironclad/crossbow
