---
last_run: 2026-03-15T01:50:33Z
tasks_completed: []
tasks_blocked: []
projects_touched: [herald, inflekt, crossbow, ironclad, slidecraft, yamlsmith, fieldmarshal]
---

# Community Manager Context Summary
Last run: 2026-03-15 (ninth pass)

## State
- 0 open issues across all 33+ projects
- 4 open PRs with changes requested (herald x2, ironclad x1, crossbow x1)
- slidecraft PRs #1/#2 resolved (gone from previous run)

## Open PRs (blocked — awaiting Node 18 decision)

### herald — 2 PRs (changes requested)
- **PR #2**: `bump vitest from 3 to 4` — changes requested; Node 18 incompatibility (vitest 4 requires Node ≥20.12.0)
- **PR #1**: `bump @types/node from 22 to 25` — changes requested; CI fails on Node 20 (TypeScript type errors from major bump)

### ironclad — PR #2 (changes requested)
- **PR #2**: `bump vitest from 3 to 4` — changes requested; same Node 18 issue

### crossbow — PR #1 (changes requested)
- **PR #1**: `bump vitest from 3 to 4` — changes requested; same Node 18 issue

## Active Pipeline

### herald / inflekt / crossbow — docs + release
- All QA-approved (re-approved after bug fix round)
- PM task **#566** created: herald docs + npm release
- PM task **#567** created: inflekt docs + npm release
- PM task **#568** created: crossbow docs + npm release

### ironclad — docs pending
- PM task **#548** pending: documentation_writer for ironclad npm package

### yamlsmith — docs + release
- QA done, all bugs fixed
- PM task **#569** created: yamlsmith docs + PyPI release

### fieldmarshal — awaiting human
- **#564** (human): Configure PyPI Trusted Publisher for fieldmarshal

## Known Issues
- vitest 4 / Node 18 incompatibility: affects ironclad PR #2, crossbow PR #1, herald PR #2
- herald PR #1: @types/node 22→25 breaks TypeScript compile on Node 20 CI
- Vitest 4 works fine on Node 20+22

## Watch For
- herald/inflekt/crossbow: PM tasks #566-#568 — advance to docs + npm release
- yamlsmith: PM task #569 — docs + PyPI release
- ironclad: PM task #548 — docs, then create release task
- fieldmarshal: human task #564 — PyPI Trusted Publisher
- ironclad/crossbow/herald: vitest PRs blocked on Node 18 decision
