---
last_run: 2026-03-16T12:44:00Z
tasks_completed: [978, 979, 980, 981]
tasks_blocked: []
projects_touched: [tincture]
---

## Context

- tincture: Scaffolded Node/TypeScript project and implemented Phase 1+2 core modules
- Completed: package.json (ESM+CJS dual exports incl compat/tinycolor2 subpath), tsconfig, Makefile, CI/publish workflows, dependabot
- Completed: util.ts (clamp, bound01, pad2, boundAlpha, isOnePointZero, isPercentage, convertDecimalToHex, convertHexToDecimal)
- Completed: names.ts (148 CSS named colors + lazy reverse hex-to-name lookup)
- Completed: parse.ts (all tinycolor2-compatible formats: hex3/4/6/8, rgb/rgba, hsl/hsla, hsv/hsva strings + objects, named colors, transparent, percentages)
- Completed: convert.ts (rgbToHsl, hslToRgb, rgbToHsv, hsvToRgb, rgbToHex, rgbaToHex)
- Completed: color.ts (TinctureColor class with all properties and 14 conversion methods, clone)
- Completed: index.ts (tincture() factory, fromRatio, equals, random)
- 129 tests passing across 5 test files, build succeeds (ESM+CJS)
- GitHub repo: agentine/tincture, CI green
- Next: Phase 3 (modify.ts, combine.ts, readability.ts, static utils) and Phase 4 (compat layer, tinycolor2 test suite port)
