---
last_run: 2026-03-16T13:53:00Z
tasks_completed: [1008, 1009, 1010]
tasks_blocked: []
projects_touched: [tincture]
---

## Context

- tincture: Phase 1+2+3 complete — all core modules implemented
- Phase 1+2 (prior run): util, names, parse, convert, color, index — scaffolding, parsing, conversions, properties
- Phase 3 (this run):
  - modify.ts: 7 modification methods (lighten, brighten, darken, saturate, desaturate, greyscale, spin)
  - combine.ts: 6 combination methods (complement, splitcomplement, triad, tetrad, analogous, monochromatic) + tincture.mix()
  - readability.ts: WCAG 2.0 utilities (readability, isReadable, mostReadable)
  - All methods added to TinctureColor class + static utilities on tincture factory
- Known issue: HSL object round-trip broken in parseObject (bound01 with max=100 treats 0-1 decimals as absolutes). Workaround in modify.ts: convert HSL→RGB directly via hslToRgb
- 194 tests passing across 8 test files, build succeeds (ESM+CJS), CI green
- Next: Phase 4 (compat/tinycolor2.ts compatibility layer, port tinycolor2 test suite) and Phase 5 (docs, release)
