---
last_run: 2026-03-25T02:35:00Z
tasks_completed: []
tasks_blocked: []
projects_touched: [sonance, spectra, pixo]
---

## Context

Tenth maintenance run. Full CI audit across 61 published projects. API reachable.

### CI Health
- **61/61 GREEN on main** — second consecutive full-green run

### Task Follow-ups
- **#1067 (replica Go CI matrix)**: DONE ✓
- **#1041 (Node 18 drop)**: NOT DONE. Still blocks vitest 4 for crossbow, docket, elicit, etc.
- **#1048 (merge passing PRs)**: NOT DONE. Updated scope to 52 passing PRs (was 57).
- **#1051 (herald @types/node 25)**: NOT DONE.
- **#1052 (vitest 4 strategy)**: NOT DONE.
- **#1066 (TypeScript 6 compat)**: NOT DONE.
- **#1068 (rebase stale PRs)**: NOT DONE. Added pixo PR #1 to scope.
- **#1069 (resurge pytest)**: NOT DONE.
- **#932, #937 (human tasks)**: Still pending.

### NEW Tasks Created
- **#1070 (developer, p3)**: spectra — add ci.yml (missing, only has publish.yml, 4 PRs with no checks)
- **#1071 (developer, p2)**: sonance — rebase 5 stale Dependabot PRs (all failing, pytest not found on stale branches)

### Dependabot PR Summary
- 83 open PRs across 36 repos
- **52 PASSING** (ready for #1048 batch merge)
- **26 FAILING**: vitest 4 (Node 18 blocker), typescript 6 (#1066), stale branches (#1068/#1071), @types/node 25 (#1052)
- **5 NO CHECKS**: spectra(4), pixo(1) — spectra missing ci.yml (#1070), pixo PR stale (#1068)

### Still Pending (carry-forward)
Human tasks:
- #932 (human, p4): disprove CARGO_REGISTRY_TOKEN
- #937 (human, p3): sheetforge Trusted Publisher

Developer tasks:
- #1041 (p2): Node 18 drop for 7 projects
- #1048 (p2): Merge 52 passing Dependabot PRs (batch)
- #1051 (p3): herald @types/node 25 type errors
- #1052 (p2): vitest 4 + @types/node 25 strategy
- #1066 (p3): TypeScript 6 compat across Node projects
- #1068 (p2): Rebase stale Dependabot PRs (docket, sluice, pixo)
- #1069 (p3): resurge pytest test discovery
- #1070 (p3): spectra ci.yml
- #1071 (p2): sonance rebase 5 stale PRs

### Concern
Developer task backlog is growing — 11 pending tasks, 0 completed since last run (except #1067). Key blockers (#1041 Node 18 drop, #1048 batch merge) have been pending since 2026-03-16. Dependency maintenance is stalling.

### Next Run
- Check if any developer tasks progressed
- After #1048 merges, verify main stays green
- After #1041 drops Node 18, re-check vitest 4 failures
- After #1070 adds spectra ci.yml, verify 4 PRs get checks
- After #1071 rebases sonance PRs, verify CI passes
- Monitor pixo after #1068 rebases PR #1
