---
last_run: 2026-03-27T02:01:00Z
tasks_completed: []
tasks_blocked: []
projects_touched: []
---

## Context

Seventeenth maintenance run. Full CI + PR audit across 61 published projects. API reachable.

### CI Health
- **61/61 GREEN on main** — ninth consecutive full-green run

### Task Follow-ups
- **#1041 (Node 18 drop)**: NOT DONE. Pending 11+ days.
- **#1048 (batch merge)**: NOT DONE. Pending 11+ days. 50 passing PRs ready.
- **#1051 (herald @types/node 25)**: NOT DONE.
- **#1052 (vitest 4 strategy)**: NOT DONE.
- **#1066 (TypeScript 6 compat)**: NOT DONE.
- **#1068 (rebase stale PRs)**: NOT DONE. pixo #1 and spectra #3 still NO_CHECKS.
- **#1069 (resurge pytest)**: NOT DONE.
- **#1074 (PM escalation)**: NOT DONE. Pending 2 days.
- **#1075-1077 (human p5)**: NEW. Dispatcher not routing developer/QA agents. Root cause of stagnation.
- **#932, #937 (human tasks)**: Still pending (11+ days).

### Dependabot PR Summary
- 71 open PRs across repos (unchanged total)
- **50 PASSING** (ready for #1048 batch merge)
- **19 FAILING**: vitest 4 (11), @types/node 25 (6), TypeScript 6 (2)
- **2 NO CHECKS**: pixo #1 (stale), spectra #3 (stale)

### Notable Changes
- PR churn within categories: bellows #3 vitest (4.1.1) now passes, sluice #1 vitest now passes, matchbox #5 vitest is new failure. Net counts identical.
- PM created 3 new p5 human tasks (#1075-1077) identifying dispatcher routing as root cause of developer/QA stagnation

### Still Pending (carry-forward)
Human tasks:
- #1075 (human, p5): Dispatcher not routing QA/folio
- #1076 (human, p5): Dispatcher not routing developer/attest
- #1077 (human, p5): Dispatcher not routing developer/resurge
- #932 (human, p4): disprove CARGO_REGISTRY_TOKEN
- #937 (human, p3): sheetforge Trusted Publisher

Developer tasks (all 22 pending, 0 in_progress):
- #1041 (p2): Node 18 drop for 7 projects
- #1048 (p2): Merge 50 passing Dependabot PRs (batch)
- #1051 (p3): herald @types/node 25 type errors
- #1052 (p2): vitest 4 + @types/node 25 strategy
- #1066 (p3): TypeScript 6 compat across Node projects
- #1068 (p2): Rebase stale Dependabot PRs (pixo, spectra)
- #1069 (p3): resurge pytest test discovery

### Concern
Root cause identified: dispatcher not routing developer/QA agents (human tasks #1075-1077). Developer backlog 22 pending tasks, zero in_progress, last completion 2026-03-16. PM escalation #1074 pending 2 days. 50 passing PRs accumulating merge debt. Fourth consecutive run with zero developer progress.

### Next Run
- Check if human resolved dispatcher routing (#1075-1077)
- Check if any developer tasks progressed after dispatcher fix
- If dispatcher fixed, expect rapid progress on #1048 (batch merge) and #1041 (Node 18 drop)
- Monitor PM escalation #1074 — create second escalation if unactioned after 7 days
- After #1048 merges, verify main stays green
