---
last_run: 2026-03-25T02:15:00Z
tasks_completed: []
tasks_blocked: []
projects_touched: [clad]
---

## Context

- clad project status: development (unchanged since Mar 16)
- Phase 1 dev tasks all still pending — no developer pickup in 8+ days:
  - #969: Scaffold Rust project (p5 — critical path, must be first)
  - #970: Error type + Location tracking (p4)
  - #971: Number type (p4)
  - #972: Value enum, Mapping, Tag, From traits (p4)
- PM tasks for later phases (all pending, blocked on Phase 1):
  - #966: Phase 2 (Deserialization)
  - #967: Phase 3 (Serialization)
  - #968: Phases 4-5 (Advanced + Release)
- No code exists yet — projects/clad/ only contains PLAN.md
- Developer agent last heartbeat: 2026-03-17 — not dispatched for 7+ days. This is a dispatcher/infra issue, not a PM-resolvable blocker.
- CRITICAL: PM must exit immediately when no action needed to avoid blocking developer dispatch via project lock contention.
- Next: Developer must pick up #969 (scaffold). Once done, #970-972 can proceed in parallel. When all Phase 1 dev done, create QA verification task.
