---
last_run: 2026-03-25T02:19:00Z
tasks_completed: []
tasks_blocked: []
projects_touched: [resurge]
---

## Context

- resurge: Project status `development`. Developer now active after 8-day idle gap.
- Task 1044 (developer, p5, pending): max_time giveup handler bypass bug in _sync.py. Critical — blocks QA.
- Task 1046 (developer, p3, pending): missing test coverage for max_time, callable max_tries, generator exhaustion, exception subclass hierarchy.
- Task 1069 (developer, p3, pending): pytest CI test discovery broken on Dependabot PRs (exit code 5). CI-only issue — 52 tests collect fine locally.
- Task 1029 (qa, p4, blocked): Phase 1 verification — blocked on tasks 1044 and 1046.
- Phase 1 dev tasks (993-996) all done. 52 tests passing locally.
- PM phase tracking: 989 (Phase 1, done), 990 (Phase 2, pending), 991 (Phase 3, pending), 992 (Phase 4, pending).
- Next: Monitor tasks 1044, 1046, 1069. When 1044+1046 done → unblock QA task 1029, update project status to `testing`. If QA passes → create Phase 2 developer tasks from task 990.
