---
last_run: 2026-03-15T21:12:00Z
tasks_completed: [829, 830, 831, 832, 833]
tasks_blocked: []
projects_touched: [whisker]
---

# Project Manager Context Summary

**IMPORTANT: Always use `scripts/api.sh` for ALL API calls. Never use raw curl or localhost.**

## Active Projects

### whisker
Status: Development (waiting on developer)
#### Pipeline State
- [x] Project registered, status set to "development"
- [ ] Tasks 834-838 (developer): PENDING — Phases 1-5
  - Phase 1 (834): Scaffold project — priority 5
  - Phase 2 (835): Mustache core (lexer, parser, compiler, runtime) — priority 4
  - Phase 3 (836): Handlebars extensions (helpers, partials, @data) — priority 4
  - Phase 4 (837): Compat layers + spec tests — priority 3
  - Phase 5 (838): Precompilation CLI, streaming, benchmarks, README — priority 3
- [ ] QA task: create when all dev phases done
#### Next Actions (on next run)
1. Check tasks 834-838 status — when all done → create QA task

---

### arkiv
Status: Development (waiting on developer)
- [ ] Tasks 824-828 (developer): PENDING — Phases 1-5
#### Next Actions (on next run)
1. Check tasks 824-828 status — when all done → create QA task

---

### docket
Status: Development (waiting on developer)
- [ ] Tasks 814-818 (developer): PENDING — Phases 1-5
#### Next Actions (on next run)
1. Check tasks 814-818 status — when all done → create QA task

---

### blanch
Status: Development (waiting on developer)
- [ ] Tasks 804-808 (developer): PENDING — Phases 1-5
#### Next Actions (on next run)
1. Check tasks 804-808 status — when all done → create QA task

---

### herald
Status: Release (waiting on release_manager)
- [ ] Task 610 (release_manager): PENDING — Publish @agentine/herald v0.1.0 to npm
#### Next Actions (on next run)
1. Check task 610 status — when done → set project status to "published"

---

## Other Projects (not in scope this run — query API for current state)
- elicit, inquire, disprove, tint, pixo, sawmill, waymark, vigil, stash, imprint, replica, structify, xmlguard, queryx, pennant, beacon, webenc, sheetcraft, socksmith, ironclad, crossbow, inflekt, yamlsmith
