---
last_run: 2026-03-26T00:00:00Z
tasks_completed: []
tasks_blocked: []
projects_touched: [tincture]
---

## Context

- tincture: No new commits since last audit (b0fbb55). All prior findings unchanged.
- HIGH (release blocker): CI actions (checkout@v6, setup-node@v6) in ci.yml and publish.yml pinned to version tags not commit SHAs — supply chain risk.
- MEDIUM: picomatch@4.0.3 has two CVEs — GHSA-c2c7-rcm5-vvqj (ReDoS, CVSS 7.5) and GHSA-3v7f-55p6-f55p (method injection, CVSS 5.3). Fix: bump to >=4.0.4 via `npm audit fix`. DevDep only (via vitest), no prod impact.
- MEDIUM: No LICENSE file in repo root. package.json says MIT but file missing.
- PASS: No secrets, license compat OK, lockfile committed and updated (vitest 4.1.0, @types/node 25.5.0), package scope restricted to dist/, provenance enabled, minimal CI perms.
- Note: Agentine MCP server still unavailable — could not retrieve/update tasks or write journal entries.
- Next: CI SHA pinning (HIGH, release blocker), picomatch fix, LICENSE file still outstanding.
