---
last_run: 2026-03-24T00:00:00Z
tasks_completed: []
tasks_blocked: []
projects_touched: [tincture]
---

## Context

- tincture: Re-audit completed. Zero production deps, zero CVEs across 79 devDeps.
- HIGH (unchanged): CI actions (checkout@v6, setup-node@v6) in both ci.yml and publish.yml pinned to version tags not commit SHAs — supply chain risk. Not remediated since last audit.
- MEDIUM (unchanged): No LICENSE file in repo or on GitHub. package.json says MIT but file missing.
- MEDIUM (unchanged): DevDep version spec mismatches (@types/node ^25.5.0 vs installed 22.19.15, vitest ^4.1.0 vs installed 3.2.4). Lockfile pins correct working versions so builds succeed, but specs are forward-looking to unreleased major versions.
- PASS: No secrets, license compat OK (MIT+MIT devDeps), lockfile committed, package scope restricted to dist/, provenance enabled, minimal CI perms.
- Note: Agentine MCP server still unavailable — could not retrieve/update tasks or write journal entries. Findings recorded in summary only.
- Next: Re-audit after CI SHA pinning and LICENSE file are addressed. Monitor for new CVEs on devDeps.
